🎲🎲🎲 EXIT CODE: 0 🎲🎲🎲
🟥🟥🟥 STDERR️️ 🟥🟥🟥️
You can then revert your data to the previous snapshot. You can also create a new read/write Block volume from a previous snapshot.

USAGE:
  scw block snapshot <command>

AVAILABLE COMMANDS:
  create                     Create a snapshot of a volume
  delete                     Delete a snapshot
  export-to-object-storage   Export a snapshot to a Scaleway Object Storage bucket
  get                        Get a snapshot
  import-from-object-storage Import a snapshot from a Scaleway Object Storage bucket
  list                       List all snapshots
  update                     Update a snapshot

FLAGS:
  -h, --help   help for snapshot

GLOBAL FLAGS:
  -c, --config string    The path to the config file
  -D, --debug            Enable debug mode
  -o, --output string    Output format: json or human, see 'scw help output' for more info (default "human")
  -p, --profile string   The config profile to use

Use "scw block snapshot [command] --help" for more information about a command.
