🎲🎲🎲 EXIT CODE: 1 🎲🎲🎲
🟥🟥🟥 STDERR️️ 🟥🟥🟥️
Failed to build volume template: snapshot 29da9ad9-e759-4a56-82c8-f0607f93055c does not exist
🟥🟥🟥 JSON STDERR 🟥🟥🟥
{
  "error": "failed to build volume template: snapshot 29da9ad9-e759-4a56-82c8-f0607f93055c does not exist"
}
