🎲🎲🎲 EXIT CODE: 0 🎲🎲🎲
🟩🟩🟩 STDOUT️ 🟩🟩🟩️
ID              eaea9b3b-a780-4701-9d9c-8cd7da25fd48
OrganizationID  951df375-e094-4d26-97c1-ba548eeb9c42
ProjectID       951df375-e094-4d26-97c1-ba548eeb9c42
Name            cli-bm-youthful-lichterman
Description     -
UpdatedAt       few seconds ago
CreatedAt       few seconds ago
Status          ready
OfferID         c27dd792-2538-4c54-8989-f460b1aeb5fd
OfferName       -
Domain          eaea9b3b-a780-4701-9d9c-8cd7da25fd48.nl-ams-1.baremetal.scw.cloud
BootType        normal
Zone            nl-ams-1
PingStatus      down

IPs:
ID                                    ADDRESS                             REVERSE                                                            VERSION  REVERSE STATUS  REVERSE STATUS MESSAGE
bae39857-7fbe-4ae6-afb4-330acd46714d  2001:bc8:1600:6:224:ecff:fef2:c008  eaea9b3b-a780-4701-9d9c-8cd7da25fd48.nl-ams-1.baremetal.scw.cloud  IPv6     pending         -
bf7cf0c8-3eb4-420f-aa7d-2d41afbfdc73  51.158.156.45                       eaea9b3b-a780-4701-9d9c-8cd7da25fd48.nl-ams-1.baremetal.scw.cloud  IPv4     active          -

Install:
OsID         03b7f4ba-a6a1-4305-984e-b54fafbf1681
Hostname     test-install-server
SSHKeyIDs.0  02aeb573-5220-4e1d-8983-fbd12fc38b5f
Status       completed
User         -
ServiceUser  -
ServiceURL   -
🟩🟩🟩 JSON STDOUT 🟩🟩🟩
{
  "id": "eaea9b3b-a780-4701-9d9c-8cd7da25fd48",
  "organization_id": "951df375-e094-4d26-97c1-ba548eeb9c42",
  "project_id": "951df375-e094-4d26-97c1-ba548eeb9c42",
  "name": "cli-bm-youthful-lichterman",
  "description": "",
  "updated_at": "1970-01-01T00:00:00.0Z",
  "created_at": "1970-01-01T00:00:00.0Z",
  "status": "ready",
  "offer_id": "c27dd792-2538-4c54-8989-f460b1aeb5fd",
  "offer_name": "",
  "tags": [],
  "ips": [
    {
      "id": "bae39857-7fbe-4ae6-afb4-330acd46714d",
      "address": "2001:bc8:1600:6:224:ecff:fef2:c008",
      "reverse": "eaea9b3b-a780-4701-9d9c-8cd7da25fd48.nl-ams-1.baremetal.scw.cloud",
      "version": "IPv6",
      "reverse_status": "pending",
      "reverse_status_message": ""
    },
    {
      "id": "bf7cf0c8-3eb4-420f-aa7d-2d41afbfdc73",
      "address": "51.158.156.45",
      "reverse": "eaea9b3b-a780-4701-9d9c-8cd7da25fd48.nl-ams-1.baremetal.scw.cloud",
      "version": "IPv4",
      "reverse_status": "active",
      "reverse_status_message": ""
    }
  ],
  "domain": "eaea9b3b-a780-4701-9d9c-8cd7da25fd48.nl-ams-1.baremetal.scw.cloud",
  "boot_type": "normal",
  "zone": "nl-ams-1",
  "install": {
    "os_id": "03b7f4ba-a6a1-4305-984e-b54fafbf1681",
    "hostname": "test-install-server",
    "ssh_key_ids": [
      "02aeb573-5220-4e1d-8983-fbd12fc38b5f"
    ],
    "status": "completed",
    "user": "",
    "service_user": "",
    "service_url": "",
    "partitioning_schema": null
  },
  "ping_status": "ping_status_down",
  "options": null,
  "rescue_server": null
}
